#-----------------------------------------------------------
# xsim v2025.2 (64-bit)
# SW Build 6299465 on Fri Nov 14 19:35:11 GMT 2025
# IP Build 6300035 on Fri Nov 14 10:48:45 MST 2025
# SharedData Build 6298862 on Thu Nov 13 04:50:51 MST 2025
# Start of session at: Wed Jun  3 15:18:25 2026
# Process ID         : 27524
# Current directory  : D:/SystolicAI/SystolicAI/systemverilog-systolic-array/SystolicAI.sim/sim_1/behav/xsim
# Command line       : xsim.exe -log simulate.log -mode tcl -source {xsim.dir/tb_systolic_array_behav/xsim_script.tcl}
# Log file           : D:/SystolicAI/SystolicAI/systemverilog-systolic-array/SystolicAI.sim/sim_1/behav/xsim/simulate.log
# Journal file       : D:/SystolicAI/SystolicAI/systemverilog-systolic-array/SystolicAI.sim/sim_1/behav/xsim\xsim.jou
# Running On         : viruz
# Platform           : Windows Server 2016 or Windows 10
# Operating System   : 26200
# Processor Detail   : 12th Gen Intel(R) Core(TM) i5-12450H
# CPU Frequency      : 2496 MHz
# CPU Physical cores : 8
# CPU Logical cores  : 12
# Host memory        : 16831 MB
# Swap memory        : 4806 MB
# Total Virtual      : 21638 MB
# Available Virtual  : 6968 MB
#-----------------------------------------------------------
source xsim.dir/tb_systolic_array_behav/xsim_script.tcl
source tb_systolic_array.tcl
